// Jest Snapshot v1, https://goo.gl/fbAQLP

exports[`renders List.js correctly 1`] = `
<main>
  <ul />
</main>
`;
