// Jest Snapshot v1, https://goo.gl/fbAQLP

exports[`renders ListItem.js correctly 1`] = `null`;
